python : Web3 provider not connected
At line:1 char:1
+ python manage.py test discussion.tests --keepdb 2>&1 > test_output.tx ...
+ ~~~~~~~~~~~~~~~~~~~~~~~~~~~~~~~~~~~~~~~~~~~~~~~~~~~~~~~~~~~~~~~~~~~~~
    + CategoryInfo          : NotSpecified: (Web3 provider not connected:Strin 
   g) [], RemoteException
    + FullyQualifiedErrorId : NativeCommandError
 
Using existing test database for alias 'default'...

FFNew proposal created: 1
ENew proposal created: 1
ENew proposal created: 1
ENew proposal created: 1
FNew proposal created: 1
FNew proposal created: 1
New proposal created: 2
FNew proposal created: 1
FFFEFNew proposal created: 1
New proposal created: 2
New proposal created: 3
FNew proposal created: 1
New proposal created: 2
New proposal created: 3
FNew proposal created: 1
New proposal created: 2
New proposal created: 3
FNew proposal created: 1
FNew proposal created: 1
FNew proposal created: 1
FEENew proposal created: 1
FNew proposal created: 1
FNew proposal created: 1
Proposal 1 updated: VOTING
FNew proposal created: 1
New proposal created: 2
New proposal created: 3
Found 62 test(s).
System check identified no issues (0 silenced).
KYC created for: user0@example.com
KYC created for: user0@example.com
KYC created for: user0@example.com
KYC created for: user1@example.com
KYC created for: user1@example.com
KYC created for: user1@example.com
KYC created for: user2@example.com
KYC created for: user2@example.com
KYC created for: user2@example.com
KYC created for: user3@example.com
KYC created for: user3@example.com
KYC created for: user3@example.com
KYC created for: user4@example.com
KYC created for: user4@example.com
KYC created for: user4@example.com
KYC created for: user5@example.com
KYC created for: user5@example.com
KYC created for: user5@example.com
KYC created for: user6@example.com
KYC created for: user6@example.com
KYC created for: user6@example.com
KYC created for: user7@example.com
KYC created for: user7@example.com
KYC created for: user7@example.com
KYC created for: user8@example.com
KYC created for: user8@example.com
KYC created for: user8@example.com
KYC created for: user9@example.com
KYC created for: user9@example.com
KYC created for: user9@example.com
KYC created for: user10@example.com
KYC created for: user10@example.com
KYC created for: user10@example.com
KYC created for: user11@example.com
KYC created for: user11@example.com
KYC created for: user11@example.com
KYC created for: user12@example.com
KYC created for: user12@example.com
KYC created for: user12@example.com
KYC created for: user13@example.com
KYC created for: user13@example.com
KYC created for: user13@example.com
KYC created for: user14@example.com
KYC created for: user14@example.com
KYC created for: user14@example.com
KYC created for: user15@example.com
KYC created for: user15@example.com
KYC created for: user15@example.com
KYC created for: user16@example.com
KYC created for: user16@example.com
KYC created for: user16@example.com
KYC created for: user17@example.com
KYC created for: user17@example.com
KYC created for: user17@example.com
KYC created for: user18@example.com
KYC created for: user18@example.com
KYC created for: user18@example.com
KYC created for: user19@example.com
KYC created for: user19@example.com
KYC created for: user19@example.com
KYC created for: user20@example.com
KYC created for: user20@example.com
KYC created for: user20@example.com
KYC created for: user21@example.com
KYC created for: user21@example.com
KYC created for: user21@example.com
KYC created for: user22@example.com
KYC created for: user22@example.com
KYC created for: user22@example.com
KYC created for: user23@example.com
KYC created for: user23@example.com
KYC created for: user23@example.com
KYC created for: user24@example.com
KYC created for: user24@example.com
KYC created for: user24@example.com
KYC created for: user25@example.com
KYC created for: user25@example.com
KYC created for: user25@example.com
KYC created for: user26@example.com
KYC created for: user26@example.com
KYC created for: user26@example.com
KYC created for: user27@example.com
KYC created for: user27@example.com
KYC created for: user27@example.com
KYC created for: user28@example.com
KYC created for: user28@example.com
KYC created for: user28@example.com
KYC created for: user29@example.com
KYC created for: user29@example.com
KYC created for: user29@example.com
KYC created for: user30@example.com
KYC created for: user30@example.com
KYC created for: user30@example.com
KYC created for: user31@example.com
KYC created for: user31@example.com
KYC created for: user31@example.com
KYC created for: user32@example.com
KYC created for: user32@example.com
KYC created for: user32@example.com
KYC created for: user33@example.com
KYC created for: user33@example.com
KYC created for: user33@example.com
KYC created for: user34@example.com
KYC created for: user34@example.com
KYC created for: user34@example.com
KYC created for: user35@example.com
KYC created for: user35@example.com
KYC created for: user35@example.com
KYC created for: user36@example.com
KYC created for: user36@example.com
KYC created for: user36@example.com
KYC created for: user37@example.com
KYC created for: user37@example.com
KYC created for: user37@example.com
KYC created for: user38@example.com
KYC created for: user38@example.com
KYC created for: user38@example.com
KYC created for: user39@example.com
KYC created for: user39@example.com
KYC created for: user39@example.com
KYC created for: user40@example.com
KYC created for: user40@example.com
KYC created for: user40@example.com
KYC created for: user41@example.com
KYC created for: user41@example.com
KYC created for: user41@example.com
KYC created for: user42@example.com
KYC created for: user42@example.com
KYC created for: user42@example.com
KYC created for: user43@example.com
KYC created for: user43@example.com
KYC created for: user43@example.com
KYC created for: user44@example.com
KYC created for: user44@example.com
KYC created for: user44@example.com
KYC created for: user45@example.com
KYC created for: user45@example.com
KYC created for: user45@example.com
KYC created for: user46@example.com
KYC created for: user46@example.com
KYC created for: user46@example.com
KYC created for: user47@example.com
KYC created for: user47@example.com
KYC created for: user47@example.com
KYC created for: user48@example.com
KYC created for: user48@example.com
KYC created for: user48@example.com
KYC created for: user49@example.com
KYC created for: user49@example.com
KYC created for: user49@example.com
KYC created for: user50@example.com
KYC created for: user50@example.com
KYC created for: user50@example.com
KYC created for: user51@example.com
KYC created for: user51@example.com
KYC created for: user51@example.com
KYC created for: user52@example.com
KYC created for: user52@example.com
KYC created for: user52@example.com
KYC created for: user53@example.com
KYC created for: user53@example.com
KYC created for: user53@example.com
KYC created for: user54@example.com
KYC created for: user54@example.com
KYC created for: user54@example.com
KYC created for: user55@example.com
KYC created for: user55@example.com
KYC created for: user55@example.com
KYC created for: user56@example.com
KYC created for: user56@example.com
KYC created for: user56@example.com
KYC created for: user57@example.com
KYC created for: user57@example.com
KYC created for: user57@example.com
KYC created for: user58@example.com
KYC created for: user58@example.com
KYC created for: user58@example.com
KYC created for: user59@example.com
KYC created for: user59@example.com
KYC created for: user59@example.com
KYC created for: user60@example.com
KYC created for: user60@example.com
KYC created for: user60@example.com
KYC created for: user61@example.com
KYC created for: user61@example.com
KYC created for: user61@example.com
KYC created for: user62@example.com
KYC created for: user62@example.com
KYC created for: user62@example.com
KYC created for: user63@example.com
KYC created for: user63@example.com
KYC created for: user63@example.com
KYC created for: user64@example.com
KYC created for: user64@example.com
KYC created for: user64@example.com
KYC created for: user65@example.com
KYC created for: user65@example.com
KYC created for: user65@example.com
KYC created for: user66@example.com
KYC created for: user66@example.com
KYC created for: user66@example.com
KYC created for: user67@example.com
KYC created for: user67@example.com
KYC created for: user67@example.com
KYC created for: user68@example.com
KYC created for: user68@example.com
KYC created for: user68@example.com
KYC created for: user69@example.com
KYC created for: user69@example.com
KYC created for: user69@example.com
KYC created for: user70@example.com
KYC created for: user70@example.com
KYC created for: user70@example.com
KYC created for: user71@example.com
KYC created for: user71@example.com
KYC created for: user71@example.com
KYC created for: user72@example.com
KYC created for: user72@example.com
KYC created for: user72@example.com
KYC created for: user73@example.com
FNew proposal created: 1
FNew proposal created: 1
FNew proposal created: 1
New proposal created: 2
FNew proposal created: 1
ENew proposal created: 1
ENew proposal created: 1
FNew proposal created: 1
FNew proposal created: 1
FLarge holder check: 0xaaaaaa... balance=50000000000000000000000, 
threshold=50000000000000000000000, result=True
.Large holder check: 0xaaaaaa... balance=50100000000000000000000.00, 
threshold=50000000000000000000000, result=True
.Large holder check: 0xaaaaaa... balance=49900000000000000000000.00, 
threshold=50000000000000000000000, result=False
.Large holder check: 0xaaaaaa... balance=100000000000000000000000, 
threshold=50000000000000000000000, result=True
.Large holder check: 0xaaaaaa... balance=0, threshold=50000000000000000000000, 
result=False
.New proposal created: 1
Created 0 notifications for proposal 1
.New proposal created: 1
ENew proposal created: 1
Large holder check: 0xaaaaaa... balance=100000, 
threshold=50000000000000000000000, result=False
User 0xaaaaaa... not large holder at snapshot
FNew proposal created: 1
User 0xaaaaaa... already voted on 1
.New proposal created: 1
.New proposal created: 1
.New proposal created: 1
.New proposal created: 1
.New proposal created: 1
New proposal created: 2
New proposal created: 3
.New proposal created: 1
New proposal created: 2
New proposal created: 3
.New proposal created: 1
Proposal 1 updated: VOTING
Proposal 1 voting still active
.New proposal created: 1
Proposal 1 updated: VOTING
Proposal 1 extended (count=1)
.New proposal created: 1
Proposal 1 updated: VOTING
Proposal 1 updated: VOTING
Proposal 1 extended (count=2)
.New proposal created: 1
Proposal 1 updated: VOTING
Proposal 1 at max extensions
.New proposal created: 1
Proposal 1 not in VOTING phase
.New proposal created: 1
Proposal 1 updated: VOTING
Quorum check for proposal 1: votes=100000000000000000000000, 
threshold=160000000000000000000000, reached=False
Proposal 1 at max extensions
Proposal 1 updated: DIED
Created 1 notifications for proposal 1
Proposal 1 died (no quorum, no extensions left)
.New proposal created: 1
Proposal 1 updated: VOTING
Quorum check for proposal 1: votes=100000000000000000000000, 
threshold=160000000000000000000000, reached=False
Proposal 1 updated: VOTING
Proposal 1 extended (count=1)
Proposal 1 extended, not finalized yet
.New proposal created: 1
Proposal 1 updated: VOTING
Quorum check for proposal 1: votes=3.00000000000000E+23, 
threshold=160000000000000000000000, reached=True
Proposal 1 updated: FAILED
Proposal 1 finalized: FAILED
.New proposal created: 1
Proposal 1 updated: VOTING
Quorum check for proposal 1: votes=3.00000000000000E+23, 
threshold=160000000000000000000000, reached=True
Proposal 1 updated: PASSED
Proposal 1 finalized: PASSED
.New proposal created: 1
Proposal 1 updated: VOTING
Quorum check for proposal 1: votes=200000000000000000000000, 
threshold=160000000000000000000000, reached=True
.New proposal created: 1
Proposal 1 updated: VOTING
Quorum check for proposal 1: votes=200000000000000000000000, 
threshold=160000000000000000000000, reached=True
.New proposal created: 1
Proposal 1 updated: VOTING
Quorum check for proposal 1: votes=1.700000000000000E+23, 
threshold=160000000000000000000000, reached=True
.New proposal created: 1
Proposal 1 updated: VOTING
Quorum check for proposal 1: votes=1.600000000000000E+23, 
threshold=160000000000000000000000, reached=True
.New proposal created: 1
Proposal 1 updated: VOTING
Quorum check for proposal 1: votes=1.500000000000000E+23, 
threshold=160000000000000000000000, reached=False
.
======================================================================
ERROR: test_cannot_mark_others_notification_as_read (discussion.tests.test_api.
NotificationTestCase.test_cannot_mark_others_notification_as_read)
Test that user cannot mark others' notifications as read.
----------------------------------------------------------------------
Traceback (most recent call last):
  File "E:\Nexus\Nirman_Nightingle\backend\discussion\tests\test_api.py", line 
711, in test_cannot_mark_others_notification_as_read
    notification = Notification.objects.create(
        user=other_user,
        proposal=self.proposal,
        message='Test notification',
    )
  File "C:\Users\Tejesh Shigwan\AppData\Roaming\Python\Python313\site-packages\
django\db\models\manager.py", line 87, in manager_method
    return getattr(self.get_queryset(), name)(*args, **kwargs)
           ~~~~~~~~~~~~~~~~~~~~~~~~~~~~~~~~~~^^^^^^^^^^^^^^^^^
  File "C:\Users\Tejesh Shigwan\AppData\Roaming\Python\Python313\site-packages\
django\db\models\query.py", line 667, in create
    obj = self.model(**kwargs)
  File "C:\Users\Tejesh Shigwan\AppData\Roaming\Python\Python313\site-packages\
django\db\models\base.py", line 590, in __init__
    raise TypeError(
    ...<2 lines>...
    )
TypeError: Notification() got unexpected keyword arguments: 'user'

======================================================================
ERROR: test_get_user_notifications 
(discussion.tests.test_api.NotificationTestCase.test_get_user_notifications)
Test retrieving user's notifications.
----------------------------------------------------------------------
Traceback (most recent call last):
  File "E:\Nexus\Nirman_Nightingle\backend\discussion\tests\test_api.py", line 
667, in test_get_user_notifications
    Notification.objects.create(
    ~~~~~~~~~~~~~~~~~~~~~~~~~~~^
        user=self.user,
        ^^^^^^^^^^^^^^^
        proposal=self.proposal,
        ^^^^^^^^^^^^^^^^^^^^^^^
        message='Test notification 1',
        ^^^^^^^^^^^^^^^^^^^^^^^^^^^^^^
    )
    ^
  File "C:\Users\Tejesh Shigwan\AppData\Roaming\Python\Python313\site-packages\
django\db\models\manager.py", line 87, in manager_method
    return getattr(self.get_queryset(), name)(*args, **kwargs)
           ~~~~~~~~~~~~~~~~~~~~~~~~~~~~~~~~~~^^^^^^^^^^^^^^^^^
  File "C:\Users\Tejesh Shigwan\AppData\Roaming\Python\Python313\site-packages\
django\db\models\query.py", line 667, in create
    obj = self.model(**kwargs)
  File "C:\Users\Tejesh Shigwan\AppData\Roaming\Python\Python313\site-packages\
django\db\models\base.py", line 590, in __init__
    raise TypeError(
    ...<2 lines>...
    )
TypeError: Notification() got unexpected keyword arguments: 'user'

======================================================================
ERROR: test_mark_notification_as_read 
(discussion.tests.test_api.NotificationTestCase.test_mark_notification_as_read)
Test marking notification as read.
----------------------------------------------------------------------
Traceback (most recent call last):
  File "E:\Nexus\Nirman_Nightingle\backend\discussion\tests\test_api.py", line 
690, in test_mark_notification_as_read
    notification = Notification.objects.create(
        user=self.user,
    ...<2 lines>...
        is_read=False,
    )
  File "C:\Users\Tejesh Shigwan\AppData\Roaming\Python\Python313\site-packages\
django\db\models\manager.py", line 87, in manager_method
    return getattr(self.get_queryset(), name)(*args, **kwargs)
           ~~~~~~~~~~~~~~~~~~~~~~~~~~~~~~~~~~^^^^^^^^^^^^^^^^^
  File "C:\Users\Tejesh Shigwan\AppData\Roaming\Python\Python313\site-packages\
django\db\models\query.py", line 667, in create
    obj = self.model(**kwargs)
  File "C:\Users\Tejesh Shigwan\AppData\Roaming\Python\Python313\site-packages\
django\db\models\base.py", line 590, in __init__
    raise TypeError(
    ...<2 lines>...
    )
TypeError: Notification() got unexpected keyword arguments: 'user', 'is_read'

======================================================================
ERROR: test_create_proposal_sets_creator (discussion.tests.test_api.ProposalCre
ateTestCase.test_create_proposal_sets_creator)
Test that creator is set from authenticated user.
----------------------------------------------------------------------
Traceback (most recent call last):
  File "E:\Nexus\Nirman_Nightingle\backend\discussion\tests\test_api.py", line 
123, in test_create_proposal_sets_creator
    self.assertEqual(proposal.creator, self.large_holder)
                     ^^^^^^^^^^^^^^^^
AttributeError: 'NoneType' object has no attribute 'creator'

======================================================================
ERROR: test_start_voting_from_discussion (discussion.tests.test_api.ProposalTra
nsitionTestCase.test_start_voting_from_discussion)
Test transitioning from DISCUSSION to VOTING.
----------------------------------------------------------------------
Traceback (most recent call last):
  File "E:\Nexus\Nirman_Nightingle\backend\discussion\tests\test_api.py", line 
153, in test_start_voting_from_discussion
    proposal = DiscussionProposalFactory(
        company=self.company,
        discussion_start=timezone.now() - timedelta(days=4)
    )
  File "C:\Users\Tejesh 
Shigwan\AppData\Roaming\Python\Python313\site-packages\factory\base.py", line 
43, in __call__
    return cls.create(**kwargs)
           ~~~~~~~~~~^^^^^^^^^^
  File "C:\Users\Tejesh 
Shigwan\AppData\Roaming\Python\Python313\site-packages\factory\base.py", line 
539, in create
    return cls._generate(enums.CREATE_STRATEGY, kwargs)
           ~~~~~~~~~~~~~^^^^^^^^^^^^^^^^^^^^^^^^^^^^^^^
  File "C:\Users\Tejesh 
Shigwan\AppData\Roaming\Python\Python313\site-packages\factory\django.py", 
line 122, in _generate
    return super()._generate(strategy, params)
           ~~~~~~~~~~~~~~~~~^^^^^^^^^^^^^^^^^^
  File "C:\Users\Tejesh 
Shigwan\AppData\Roaming\Python\Python313\site-packages\factory\base.py", line 
468, in _generate
    return step.build()
           ~~~~~~~~~~^^
  File "C:\Users\Tejesh 
Shigwan\AppData\Roaming\Python\Python313\site-packages\factory\builder.py", 
line 274, in build
    instance = self.factory_meta.instantiate(
        step=step,
        args=args,
        kwargs=kwargs,
    )
  File "C:\Users\Tejesh 
Shigwan\AppData\Roaming\Python\Python313\site-packages\factory\base.py", line 
320, in instantiate
    return self.factory._create(model, *args, **kwargs)
           ~~~~~~~~~~~~~~~~~~~~^^^^^^^^^^^^^^^^^^^^^^^^
  File "C:\Users\Tejesh 
Shigwan\AppData\Roaming\Python\Python313\site-packages\factory\django.py", 
line 175, in _create
    return manager.create(*args, **kwargs)
           ~~~~~~~~~~~~~~^^^^^^^^^^^^^^^^^
  File "C:\Users\Tejesh Shigwan\AppData\Roaming\Python\Python313\site-packages\
django\db\models\manager.py", line 87, in manager_method
    return getattr(self.get_queryset(), name)(*args, **kwargs)
           ~~~~~~~~~~~~~~~~~~~~~~~~~~~~~~~~~~^^^^^^^^^^^^^^^^^
  File "C:\Users\Tejesh Shigwan\AppData\Roaming\Python\Python313\site-packages\
django\db\models\query.py", line 667, in create
    obj = self.model(**kwargs)
  File "C:\Users\Tejesh Shigwan\AppData\Roaming\Python\Python313\site-packages\
django\db\models\base.py", line 590, in __init__
    raise TypeError(
    ...<2 lines>...
    )
TypeError: Proposal() got unexpected keyword arguments: 'discussion_start'

======================================================================
ERROR: test_start_voting_too_early_fails (discussion.tests.test_api.ProposalTra
nsitionTestCase.test_start_voting_too_early_fails)
Test that starting voting in discussion phase fails if < min days.
----------------------------------------------------------------------
Traceback (most recent call last):
  File "E:\Nexus\Nirman_Nightingle\backend\discussion\tests\test_api.py", line 
171, in test_start_voting_too_early_fails
    proposal = DiscussionProposalFactory(
        company=self.company,
        discussion_start=timezone.now() - timedelta(days=1)  # Only 1 day
    )
  File "C:\Users\Tejesh 
Shigwan\AppData\Roaming\Python\Python313\site-packages\factory\base.py", line 
43, in __call__
    return cls.create(**kwargs)
           ~~~~~~~~~~^^^^^^^^^^
  File "C:\Users\Tejesh 
Shigwan\AppData\Roaming\Python\Python313\site-packages\factory\base.py", line 
539, in create
    return cls._generate(enums.CREATE_STRATEGY, kwargs)
           ~~~~~~~~~~~~~^^^^^^^^^^^^^^^^^^^^^^^^^^^^^^^
  File "C:\Users\Tejesh 
Shigwan\AppData\Roaming\Python\Python313\site-packages\factory\django.py", 
line 122, in _generate
    return super()._generate(strategy, params)
           ~~~~~~~~~~~~~~~~~^^^^^^^^^^^^^^^^^^
  File "C:\Users\Tejesh 
Shigwan\AppData\Roaming\Python\Python313\site-packages\factory\base.py", line 
468, in _generate
    return step.build()
           ~~~~~~~~~~^^
  File "C:\Users\Tejesh 
Shigwan\AppData\Roaming\Python\Python313\site-packages\factory\builder.py", 
line 274, in build
    instance = self.factory_meta.instantiate(
        step=step,
        args=args,
        kwargs=kwargs,
    )
  File "C:\Users\Tejesh 
Shigwan\AppData\Roaming\Python\Python313\site-packages\factory\base.py", line 
320, in instantiate
    return self.factory._create(model, *args, **kwargs)
           ~~~~~~~~~~~~~~~~~~~~^^^^^^^^^^^^^^^^^^^^^^^^
  File "C:\Users\Tejesh 
Shigwan\AppData\Roaming\Python\Python313\site-packages\factory\django.py", 
line 175, in _create
    return manager.create(*args, **kwargs)
           ~~~~~~~~~~~~~~^^^^^^^^^^^^^^^^^
  File "C:\Users\Tejesh Shigwan\AppData\Roaming\Python\Python313\site-packages\
django\db\models\manager.py", line 87, in manager_method
    return getattr(self.get_queryset(), name)(*args, **kwargs)
           ~~~~~~~~~~~~~~~~~~~~~~~~~~~~~~~~~~^^^^^^^^^^^^^^^^^
  File "C:\Users\Tejesh Shigwan\AppData\Roaming\Python\Python313\site-packages\
django\db\models\query.py", line 667, in create
    obj = self.model(**kwargs)
  File "C:\Users\Tejesh Shigwan\AppData\Roaming\Python\Python313\site-packages\
django\db\models\base.py", line 590, in __init__
    raise TypeError(
    ...<2 lines>...
    )
TypeError: Proposal() got unexpected keyword arguments: 'discussion_start'

======================================================================
ERROR: test_vote_twice_fails 
(discussion.tests.test_api.ProposalVotingTestCase.test_vote_twice_fails)
Test that voting twice from same address fails.
----------------------------------------------------------------------
Traceback (most recent call last):
  File "C:\Users\Tejesh Shigwan\AppData\Roaming\Python\Python313\site-packages\
django\db\backends\utils.py", line 105, in _execute
    return self.cursor.execute(sql, params)
           ~~~~~~~~~~~~~~~~~~~^^^^^^^^^^^^^
  File "C:\Users\Tejesh Shigwan\AppData\Roaming\Python\Python313\site-packages\
django\db\backends\sqlite3\base.py", line 359, in execute
    return super().execute(query, params)
           ~~~~~~~~~~~~~~~^^^^^^^^^^^^^^^
sqlite3.IntegrityError: NOT NULL constraint failed: 
discussion_vote_record.voter_address

The above exception was the direct cause of the following exception:

Traceback (most recent call last):
  File "E:\Nexus\Nirman_Nightingle\backend\discussion\tests\test_api.py", line 
303, in test_vote_twice_fails
    YesVoteFactory(
    ~~~~~~~~~~~~~~^
        proposal=self.proposal,
        ^^^^^^^^^^^^^^^^^^^^^^^
        voter_address=self.large_holder.wallet_address
        ^^^^^^^^^^^^^^^^^^^^^^^^^^^^^^^^^^^^^^^^^^^^^^
    )
    ^
  File "C:\Users\Tejesh 
Shigwan\AppData\Roaming\Python\Python313\site-packages\factory\base.py", line 
43, in __call__
    return cls.create(**kwargs)
           ~~~~~~~~~~^^^^^^^^^^
  File "C:\Users\Tejesh 
Shigwan\AppData\Roaming\Python\Python313\site-packages\factory\base.py", line 
539, in create
    return cls._generate(enums.CREATE_STRATEGY, kwargs)
           ~~~~~~~~~~~~~^^^^^^^^^^^^^^^^^^^^^^^^^^^^^^^
  File "C:\Users\Tejesh 
Shigwan\AppData\Roaming\Python\Python313\site-packages\factory\django.py", 
line 122, in _generate
    return super()._generate(strategy, params)
           ~~~~~~~~~~~~~~~~~^^^^^^^^^^^^^^^^^^
  File "C:\Users\Tejesh 
Shigwan\AppData\Roaming\Python\Python313\site-packages\factory\base.py", line 
468, in _generate
    return step.build()
           ~~~~~~~~~~^^
  File "C:\Users\Tejesh 
Shigwan\AppData\Roaming\Python\Python313\site-packages\factory\builder.py", 
line 274, in build
    instance = self.factory_meta.instantiate(
        step=step,
        args=args,
        kwargs=kwargs,
    )
  File "C:\Users\Tejesh 
Shigwan\AppData\Roaming\Python\Python313\site-packages\factory\base.py", line 
320, in instantiate
    return self.factory._create(model, *args, **kwargs)
           ~~~~~~~~~~~~~~~~~~~~^^^^^^^^^^^^^^^^^^^^^^^^
  File "C:\Users\Tejesh 
Shigwan\AppData\Roaming\Python\Python313\site-packages\factory\django.py", 
line 175, in _create
    return manager.create(*args, **kwargs)
           ~~~~~~~~~~~~~~^^^^^^^^^^^^^^^^^
  File "C:\Users\Tejesh Shigwan\AppData\Roaming\Python\Python313\site-packages\
django\db\models\manager.py", line 87, in manager_method
    return getattr(self.get_queryset(), name)(*args, **kwargs)
           ~~~~~~~~~~~~~~~~~~~~~~~~~~~~~~~~~~^^^^^^^^^^^^^^^^^
  File "C:\Users\Tejesh Shigwan\AppData\Roaming\Python\Python313\site-packages\
django\db\models\query.py", line 669, in create
    obj.save(force_insert=True, using=self.db)
    ~~~~~~~~^^^^^^^^^^^^^^^^^^^^^^^^^^^^^^^^^^
  File "C:\Users\Tejesh Shigwan\AppData\Roaming\Python\Python313\site-packages\
django\db\models\base.py", line 874, in save
    self.save_base(
    ~~~~~~~~~~~~~~^
        using=using,
        ^^^^^^^^^^^^
    ...<2 lines>...
        update_fields=update_fields,
        ^^^^^^^^^^^^^^^^^^^^^^^^^^^^
    )
    ^
  File "C:\Users\Tejesh Shigwan\AppData\Roaming\Python\Python313\site-packages\
django\db\models\base.py", line 966, in save_base
    updated = self._save_table(
        raw,
    ...<4 lines>...
        update_fields,
    )
  File "C:\Users\Tejesh Shigwan\AppData\Roaming\Python\Python313\site-packages\
django\db\models\base.py", line 1169, in _save_table
    results = self._do_insert(
        cls._base_manager, using, insert_fields, returning_fields, raw
    )
  File "C:\Users\Tejesh Shigwan\AppData\Roaming\Python\Python313\site-packages\
django\db\models\base.py", line 1220, in _do_insert
    return manager._insert(
           ~~~~~~~~~~~~~~~^
        [self],
        ^^^^^^^
    ...<3 lines>...
        raw=raw,
        ^^^^^^^^
    )
    ^
  File "C:\Users\Tejesh Shigwan\AppData\Roaming\Python\Python313\site-packages\
django\db\models\manager.py", line 87, in manager_method
    return getattr(self.get_queryset(), name)(*args, **kwargs)
           ~~~~~~~~~~~~~~~~~~~~~~~~~~~~~~~~~~^^^^^^^^^^^^^^^^^
  File "C:\Users\Tejesh Shigwan\AppData\Roaming\Python\Python313\site-packages\
django\db\models\query.py", line 1918, in _insert
    return query.get_compiler(using=using).execute_sql(returning_fields)
           ~~~~~~~~~~~~~~~~~~~~~~~~~~~~~~~~~~~~~~~~~~~^^^^^^^^^^^^^^^^^^
  File "C:\Users\Tejesh Shigwan\AppData\Roaming\Python\Python313\site-packages\
django\db\models\sql\compiler.py", line 1925, in execute_sql
    cursor.execute(sql, params)
    ~~~~~~~~~~~~~~^^^^^^^^^^^^^
  File "C:\Users\Tejesh Shigwan\AppData\Roaming\Python\Python313\site-packages\
django\db\backends\utils.py", line 79, in execute
    return self._execute_with_wrappers(
           ~~~~~~~~~~~~~~~~~~~~~~~~~~~^
        sql, params, many=False, executor=self._execute
        ^^^^^^^^^^^^^^^^^^^^^^^^^^^^^^^^^^^^^^^^^^^^^^^
    )
    ^
  File "C:\Users\Tejesh Shigwan\AppData\Roaming\Python\Python313\site-packages\
django\db\backends\utils.py", line 92, in _execute_with_wrappers
    return executor(sql, params, many, context)
  File "C:\Users\Tejesh Shigwan\AppData\Roaming\Python\Python313\site-packages\
django\db\backends\utils.py", line 100, in _execute
    with self.db.wrap_database_errors:
         ^^^^^^^^^^^^^^^^^^^^^^^^^^^^
  File "C:\Users\Tejesh 
Shigwan\AppData\Roaming\Python\Python313\site-packages\django\db\utils.py", 
line 94, in __exit__
    raise dj_exc_value.with_traceback(traceback) from exc_value
  File "C:\Users\Tejesh Shigwan\AppData\Roaming\Python\Python313\site-packages\
django\db\backends\utils.py", line 105, in _execute
    return self.cursor.execute(sql, params)
           ~~~~~~~~~~~~~~~~~~~^^^^^^^^^^^^^
  File "C:\Users\Tejesh Shigwan\AppData\Roaming\Python\Python313\site-packages\
django\db\backends\sqlite3\base.py", line 359, in execute
    return super().execute(query, params)
           ~~~~~~~~~~~~~~~^^^^^^^^^^^^^^^
django.db.utils.IntegrityError: NOT NULL constraint failed: 
discussion_vote_record.voter_address

======================================================================
ERROR: test_vote_uses_snapshot_block (discussion.tests.test_api.ProposalVotingT
estCase.test_vote_uses_snapshot_block)
Test that vote weight is calculated at proposal's voting_start block.
----------------------------------------------------------------------
Traceback (most recent call last):
  File "E:\Nexus\Nirman_Nightingle\backend\discussion\tests\test_api.py", line 
351, in test_vote_uses_snapshot_block
    self.proposal.voting_start_block
AttributeError: 'Proposal' object has no attribute 'voting_start_block'

======================================================================
ERROR: test_notify_all_voters_when_proposal_dies (discussion.tests.test_governa
nce.NotifyProposalDiedTestCase.test_notify_all_voters_when_proposal_dies)
Test that all voters are notified when proposal dies.
----------------------------------------------------------------------
Traceback (most recent call last):
  File 
"E:\Nexus\Nirman_Nightingle\backend\discussion\tests\test_governance.py", line 
535, in test_notify_all_voters_when_proposal_dies
    tx_hash=f'0x{voter[2:]}{i:032x}'
                            ^
NameError: name 'i' is not defined. Did you mean: 'id'?

======================================================================
FAIL: test_get_large_holders 
(discussion.tests.test_api.CompanyLargeHoldersTestCase.test_get_large_holders)
Test retrieving large holders for company.
----------------------------------------------------------------------
Traceback (most recent call last):
  File "E:\Nexus\Nirman_Nightingle\backend\discussion\tests\test_api.py", line 
630, in test_get_large_holders
    self.assertEqual(response.status_code, status.HTTP_200_OK)
    ~~~~~~~~~~~~~~~~^^^^^^^^^^^^^^^^^^^^^^^^^^^^^^^^^^^^^^^^^^
AssertionError: 404 != 200

======================================================================
FAIL: test_small_holders_excluded (discussion.tests.test_api.CompanyLargeHolder
sTestCase.test_small_holders_excluded)
Test that holders <5% are excluded from large holders.
----------------------------------------------------------------------
Traceback (most recent call last):
  File "E:\Nexus\Nirman_Nightingle\backend\discussion\tests\test_api.py", line 
650, in test_small_holders_excluded
    self.assertEqual(response.status_code, status.HTTP_200_OK)
    ~~~~~~~~~~~~~~~~^^^^^^^^^^^^^^^^^^^^^^^^^^^^^^^^^^^^^^^^^^
AssertionError: 404 != 200

======================================================================
FAIL: test_comment_as_large_holder_in_discussion_succeeds (discussion.tests.tes
t_api.ProposalCommentTestCase.test_comment_as_large_holder_in_discussion_succee
ds)
Test commenting in DISCUSSION phase as large holder.
----------------------------------------------------------------------
Traceback (most recent call last):
  File "E:\Nexus\Nirman_Nightingle\backend\discussion\tests\test_api.py", line 
444, in test_comment_as_large_holder_in_discussion_succeeds
    self.assertEqual(response.status_code, status.HTTP_201_CREATED)
    ~~~~~~~~~~~~~~~~^^^^^^^^^^^^^^^^^^^^^^^^^^^^^^^^^^^^^^^^^^^^^^^
AssertionError: 404 != 201

======================================================================
FAIL: test_comment_as_small_holder_fails (discussion.tests.test_api.ProposalCom
mentTestCase.test_comment_as_small_holder_fails)
Test that <5% holder cannot comment.
----------------------------------------------------------------------
Traceback (most recent call last):
  File "E:\Nexus\Nirman_Nightingle\backend\discussion\tests\test_api.py", line 
466, in test_comment_as_small_holder_fails
    self.assertEqual(response.status_code, status.HTTP_403_FORBIDDEN)
    ~~~~~~~~~~~~~~~~^^^^^^^^^^^^^^^^^^^^^^^^^^^^^^^^^^^^^^^^^^^^^^^^^
AssertionError: 404 != 403

======================================================================
FAIL: test_comment_outside_discussion_phase_fails (discussion.tests.test_api.Pr
oposalCommentTestCase.test_comment_outside_discussion_phase_fails)
Test that commenting fails if proposal not in DISCUSSION phase.
----------------------------------------------------------------------
Traceback (most recent call last):
  File "E:\Nexus\Nirman_Nightingle\backend\discussion\tests\test_api.py", line 
488, in test_comment_outside_discussion_phase_fails
    self.assertEqual(response.status_code, status.HTTP_400_BAD_REQUEST)
    ~~~~~~~~~~~~~~~~^^^^^^^^^^^^^^^^^^^^^^^^^^^^^^^^^^^^^^^^^^^^^^^^^^^
AssertionError: 404 != 400

======================================================================
FAIL: test_get_proposal_comments 
(discussion.tests.test_api.ProposalCommentTestCase.test_get_proposal_comments)
Test retrieving comments for a proposal.
----------------------------------------------------------------------
Traceback (most recent call last):
  File "E:\Nexus\Nirman_Nightingle\backend\discussion\tests\test_api.py", line 
500, in test_get_proposal_comments
    self.assertEqual(response.status_code, status.HTTP_200_OK)
    ~~~~~~~~~~~~~~~~^^^^^^^^^^^^^^^^^^^^^^^^^^^^^^^^^^^^^^^^^^
AssertionError: 404 != 200

======================================================================
FAIL: test_create_proposal_as_large_holder_succeeds (discussion.tests.test_api.
ProposalCreateTestCase.test_create_proposal_as_large_holder_succeeds)
Test that 5%+ holder can create proposal.
----------------------------------------------------------------------
Traceback (most recent call last):
  File "E:\Nexus\Nirman_Nightingle\backend\discussion\tests\test_api.py", line 
71, in test_create_proposal_as_large_holder_succeeds
    self.assertEqual(response.status_code, status.HTTP_201_CREATED)
    ~~~~~~~~~~~~~~~~^^^^^^^^^^^^^^^^^^^^^^^^^^^^^^^^^^^^^^^^^^^^^^^
AssertionError: 404 != 201

======================================================================
FAIL: test_create_proposal_as_small_holder_fails (discussion.tests.test_api.Pro
posalCreateTestCase.test_create_proposal_as_small_holder_fails)
Test that <5% holder cannot create proposal.
----------------------------------------------------------------------
Traceback (most recent call last):
  File "E:\Nexus\Nirman_Nightingle\backend\discussion\tests\test_api.py", line 
93, in test_create_proposal_as_small_holder_fails
    self.assertEqual(response.status_code, status.HTTP_403_FORBIDDEN)
    ~~~~~~~~~~~~~~~~^^^^^^^^^^^^^^^^^^^^^^^^^^^^^^^^^^^^^^^^^^^^^^^^^
AssertionError: 404 != 403

======================================================================
FAIL: test_create_proposal_unauthenticated_fails (discussion.tests.test_api.Pro
posalCreateTestCase.test_create_proposal_unauthenticated_fails)
Test that unauthenticated requests fail.
----------------------------------------------------------------------
Traceback (most recent call last):
  File "E:\Nexus\Nirman_Nightingle\backend\discussion\tests\test_api.py", line 
106, in test_create_proposal_unauthenticated_fails
    self.assertEqual(response.status_code, status.HTTP_401_UNAUTHORIZED)
    ~~~~~~~~~~~~~~~~^^^^^^^^^^^^^^^^^^^^^^^^^^^^^^^^^^^^^^^^^^^^^^^^^^^^
AssertionError: 404 != 401

======================================================================
FAIL: test_filter_proposals_by_company (discussion.tests.test_api.ProposalListF
ilterTestCase.test_filter_proposals_by_company)
Test filtering proposals by company.
----------------------------------------------------------------------
Traceback (most recent call last):
  File "E:\Nexus\Nirman_Nightingle\backend\discussion\tests\test_api.py", line 
747, in test_filter_proposals_by_company
    self.assertEqual(response.status_code, status.HTTP_200_OK)
    ~~~~~~~~~~~~~~~~^^^^^^^^^^^^^^^^^^^^^^^^^^^^^^^^^^^^^^^^^^
AssertionError: 404 != 200

======================================================================
FAIL: test_filter_proposals_by_multiple_statuses (discussion.tests.test_api.Pro
posalListFilterTestCase.test_filter_proposals_by_multiple_statuses)
Test filtering proposals by multiple statuses.
----------------------------------------------------------------------
Traceback (most recent call last):
  File "E:\Nexus\Nirman_Nightingle\backend\discussion\tests\test_api.py", line 
776, in test_filter_proposals_by_multiple_statuses
    self.assertEqual(response.status_code, status.HTTP_200_OK)
    ~~~~~~~~~~~~~~~~^^^^^^^^^^^^^^^^^^^^^^^^^^^^^^^^^^^^^^^^^^
AssertionError: 404 != 200

======================================================================
FAIL: test_filter_proposals_by_status (discussion.tests.test_api.ProposalListFi
lterTestCase.test_filter_proposals_by_status)
Test filtering proposals by status.
----------------------------------------------------------------------
Traceback (most recent call last):
  File "E:\Nexus\Nirman_Nightingle\backend\discussion\tests\test_api.py", line 
761, in test_filter_proposals_by_status
    self.assertEqual(response.status_code, status.HTTP_200_OK)
    ~~~~~~~~~~~~~~~~^^^^^^^^^^^^^^^^^^^^^^^^^^^^^^^^^^^^^^^^^^
AssertionError: 404 != 200

======================================================================
FAIL: test_finalize_proposal 
(discussion.tests.test_api.ProposalTransitionTestCase.test_finalize_proposal)
Test finalizing a proposal from VOTING.
----------------------------------------------------------------------
Traceback (most recent call last):
  File "E:\Nexus\Nirman_Nightingle\backend\discussion\tests\test_api.py", line 
203, in test_finalize_proposal
    self.assertEqual(response.status_code, status.HTTP_200_OK)
    ~~~~~~~~~~~~~~~~^^^^^^^^^^^^^^^^^^^^^^^^^^^^^^^^^^^^^^^^^^
AssertionError: 404 != 200

======================================================================
FAIL: test_non_owner_cannot_transition (discussion.tests.test_api.ProposalTrans
itionTestCase.test_non_owner_cannot_transition)
Test that non-owner cannot transition proposal.
----------------------------------------------------------------------
Traceback (most recent call last):
  File "E:\Nexus\Nirman_Nightingle\backend\discussion\tests\test_api.py", line 
217, in test_non_owner_cannot_transition
    self.assertEqual(response.status_code, status.HTTP_403_FORBIDDEN)
    ~~~~~~~~~~~~~~~~^^^^^^^^^^^^^^^^^^^^^^^^^^^^^^^^^^^^^^^^^^^^^^^^^
AssertionError: 404 != 403

======================================================================
FAIL: test_start_discussion_from_draft (discussion.tests.test_api.ProposalTrans
itionTestCase.test_start_discussion_from_draft)
Test transitioning from DRAFT to DISCUSSION.
----------------------------------------------------------------------
Traceback (most recent call last):
  File "E:\Nexus\Nirman_Nightingle\backend\discussion\tests\test_api.py", line 
146, in test_start_discussion_from_draft
    self.assertEqual(response.status_code, status.HTTP_200_OK)
    ~~~~~~~~~~~~~~~~^^^^^^^^^^^^^^^^^^^^^^^^^^^^^^^^^^^^^^^^^^
AssertionError: 404 != 200

======================================================================
FAIL: test_non_owner_cannot_veto 
(discussion.tests.test_api.ProposalVetoTestCase.test_non_owner_cannot_veto)
Test that non-owner cannot veto.
----------------------------------------------------------------------
Traceback (most recent call last):
  File "E:\Nexus\Nirman_Nightingle\backend\discussion\tests\test_api.py", line 
553, in test_non_owner_cannot_veto
    self.assertEqual(response.status_code, status.HTTP_403_FORBIDDEN)
    ~~~~~~~~~~~~~~~~^^^^^^^^^^^^^^^^^^^^^^^^^^^^^^^^^^^^^^^^^^^^^^^^^
AssertionError: 404 != 403

======================================================================
FAIL: test_owner_can_veto_within_window (discussion.tests.test_api.ProposalVeto
TestCase.test_owner_can_veto_within_window)
Test that owner can veto within 7 days.
----------------------------------------------------------------------
Traceback (most recent call last):
  File "E:\Nexus\Nirman_Nightingle\backend\discussion\tests\test_api.py", line 
533, in test_owner_can_veto_within_window
    self.assertEqual(response.status_code, status.HTTP_200_OK)
    ~~~~~~~~~~~~~~~~^^^^^^^^^^^^^^^^^^^^^^^^^^^^^^^^^^^^^^^^^^
AssertionError: 404 != 200

======================================================================
FAIL: test_veto_after_7_days_fails 
(discussion.tests.test_api.ProposalVetoTestCase.test_veto_after_7_days_fails)
Test that veto fails after 7-day window.
----------------------------------------------------------------------
Traceback (most recent call last):
  File "E:\Nexus\Nirman_Nightingle\backend\discussion\tests\test_api.py", line 
573, in test_veto_after_7_days_fails
    self.assertEqual(response.status_code, status.HTTP_400_BAD_REQUEST)
    ~~~~~~~~~~~~~~~~^^^^^^^^^^^^^^^^^^^^^^^^^^^^^^^^^^^^^^^^^^^^^^^^^^^
AssertionError: 404 != 400

======================================================================
FAIL: test_veto_limit_two_per_year_enforced (discussion.tests.test_api.Proposal
VetoTestCase.test_veto_limit_two_per_year_enforced)
Test that 2 vetoes per calendar year limit is enforced.
----------------------------------------------------------------------
Traceback (most recent call last):
  File "C:\Users\Tejesh 
Shigwan\AppData\Roaming\Python\Python313\site-packages\freezegun\api.py", line 
951, in wrapper
    return self._call_with_time_factory(time_factory, func=func, args=args, 
kwargs=kwargs)
           
~~~~~~~~~~~~~~~~~~~~~~~~~~~~^^^^^^^^^^^^^^^^^^^^^^^^^^^^^^^^^^^^^^^^^^^^^^^^^^^
  File "C:\Users\Tejesh 
Shigwan\AppData\Roaming\Python\Python313\site-packages\freezegun\api.py", line 
934, in _call_with_time_factory
    result = func(*args, **kwargs)
  File "E:\Nexus\Nirman_Nightingle\backend\discussion\tests\test_api.py", line 
599, in test_veto_limit_two_per_year_enforced
    self.assertEqual(response.status_code, status.HTTP_400_BAD_REQUEST)
    ~~~~~~~~~~~~~~~~^^^^^^^^^^^^^^^^^^^^^^^^^^^^^^^^^^^^^^^^^^^^^^^^^^^
AssertionError: 404 != 400

======================================================================
FAIL: test_vote_as_non_holder_fails (discussion.tests.test_api.ProposalVotingTe
stCase.test_vote_as_non_holder_fails)
Test that <5% holder cannot vote.
----------------------------------------------------------------------
Traceback (most recent call last):
  File "E:\Nexus\Nirman_Nightingle\backend\discussion\tests\test_api.py", line 
298, in test_vote_as_non_holder_fails
    self.assertEqual(response.status_code, status.HTTP_403_FORBIDDEN)
KYC created for: user73@example.com
KYC created for: user73@example.com
KYC created for: user74@example.com
KYC created for: user74@example.com
KYC created for: user74@example.com
KYC created for: user75@example.com
KYC created for: user75@example.com
KYC created for: user75@example.com
KYC created for: user76@example.com
KYC created for: user76@example.com
KYC created for: user76@example.com
KYC created for: user77@example.com
KYC created for: user77@example.com
KYC created for: user77@example.com
KYC created for: user78@example.com
KYC created for: user78@example.com
KYC created for: user78@example.com
KYC created for: user79@example.com
KYC created for: user79@example.com
KYC created for: user79@example.com
KYC created for: user80@example.com
KYC created for: user80@example.com
KYC created for: user80@example.com
KYC created for: user81@example.com
KYC created for: user81@example.com
KYC created for: user81@example.com
KYC created for: user82@example.com
KYC created for: user82@example.com
KYC created for: user82@example.com
KYC created for: user83@example.com
KYC created for: user83@example.com
KYC created for: user83@example.com
KYC created for: user84@example.com
KYC created for: user84@example.com
KYC created for: user84@example.com
KYC created for: user85@example.com
KYC created for: user85@example.com
KYC created for: user85@example.com
KYC created for: user86@example.com
KYC created for: user86@example.com
KYC created for: user86@example.com
KYC created for: user87@example.com
KYC created for: user87@example.com
KYC created for: user87@example.com
KYC created for: user88@example.com
KYC created for: user88@example.com
KYC created for: user88@example.com
KYC created for: user89@example.com
KYC created for: user89@example.com
KYC created for: user89@example.com
KYC created for: user90@example.com
KYC created for: user90@example.com
KYC created for: user90@example.com
KYC created for: user91@example.com
KYC created for: user91@example.com
KYC created for: user91@example.com
KYC created for: user92@example.com
KYC created for: user92@example.com
KYC created for: user92@example.com
KYC created for: user93@example.com
KYC created for: user93@example.com
KYC created for: user93@example.com
KYC created for: user94@example.com
KYC created for: user94@example.com
KYC created for: user94@example.com
KYC created for: user95@example.com
KYC created for: user95@example.com
KYC created for: user95@example.com
KYC created for: user96@example.com
KYC created for: user96@example.com
KYC created for: user96@example.com
KYC created for: user97@example.com
KYC created for: user97@example.com
KYC created for: user97@example.com
KYC created for: user98@example.com
KYC created for: user98@example.com
KYC created for: user98@example.com
KYC created for: user99@example.com
KYC created for: user99@example.com
KYC created for: user99@example.com
KYC created for: user100@example.com
KYC created for: user100@example.com
KYC created for: user100@example.com
KYC created for: user101@example.com
KYC created for: user101@example.com
KYC created for: user101@example.com
KYC created for: user102@example.com
KYC created for: user102@example.com
KYC created for: user102@example.com
KYC created for: user103@example.com
KYC created for: user103@example.com
KYC created for: user103@example.com
KYC created for: user104@example.com
KYC created for: user104@example.com
KYC created for: user104@example.com
KYC created for: user105@example.com
KYC created for: user105@example.com
KYC created for: user105@example.com
KYC created for: user106@example.com
KYC created for: user106@example.com
KYC created for: user106@example.com
KYC created for: user107@example.com
KYC created for: user107@example.com
KYC created for: user107@example.com
KYC created for: user108@example.com
KYC created for: user108@example.com
KYC created for: user108@example.com
KYC created for: user109@example.com
KYC created for: user109@example.com
KYC created for: user109@example.com
KYC created for: user110@example.com
KYC created for: user110@example.com
KYC created for: user110@example.com
KYC created for: user111@example.com
KYC created for: user111@example.com
KYC created for: user111@example.com
KYC created for: user112@example.com
KYC created for: user112@example.com
KYC created for: user112@example.com
KYC created for: user113@example.com
KYC created for: user113@example.com
KYC created for: user113@example.com
KYC created for: user114@example.com
KYC created for: user114@example.com
KYC created for: user114@example.com
KYC created for: user115@example.com
KYC created for: user115@example.com
KYC created for: user115@example.com
KYC created for: user116@example.com
KYC created for: user116@example.com
KYC created for: user116@example.com
KYC created for: user117@example.com
KYC created for: user117@example.com
KYC created for: user117@example.com
KYC created for: user118@example.com
KYC created for: user118@example.com
KYC created for: user118@example.com
KYC created for: user119@example.com
KYC created for: user119@example.com
KYC created for: user119@example.com
KYC created for: user120@example.com
KYC created for: user120@example.com
KYC created for: user120@example.com
KYC created for: user121@example.com
KYC created for: user121@example.com
KYC created for: user121@example.com
KYC created for: user122@example.com
KYC created for: user122@example.com
KYC created for: user122@example.com
KYC created for: user123@example.com
KYC created for: user123@example.com
KYC created for: user123@example.com
KYC created for: user124@example.com
KYC created for: user124@example.com
KYC created for: user124@example.com
KYC created for: user125@example.com
KYC created for: user125@example.com
KYC created for: user125@example.com
KYC created for: user126@example.com
KYC created for: user126@example.com
KYC created for: user126@example.com
KYC created for: user127@example.com
KYC created for: user127@example.com
KYC created for: user127@example.com
KYC created for: user128@example.com
KYC created for: user128@example.com
KYC created for: user128@example.com
KYC created for: user129@example.com
KYC created for: user129@example.com
KYC created for: user129@example.com
KYC created for: user130@example.com
KYC created for: user130@example.com
KYC created for: user130@example.com
KYC created for: user131@example.com
KYC created for: user131@example.com
KYC created for: user131@example.com
KYC created for: user132@example.com
KYC created for: user132@example.com
KYC created for: user132@example.com
KYC created for: user133@example.com
KYC created for: user133@example.com
KYC created for: user133@example.com
KYC created for: user134@example.com
KYC created for: user134@example.com
KYC created for: user134@example.com
KYC created for: user135@example.com
KYC created for: user135@example.com
KYC created for: user135@example.com
KYC created for: user136@example.com
KYC created for: user136@example.com
KYC created for: user136@example.com
KYC created for: user137@example.com
KYC created for: user137@example.com
KYC created for: user137@example.com
    ~~~~~~~~~~~~~~~~^^^^^^^^^^^^^^^^^^^^^^^^^^^^^^^^^^^^^^^^^^^^^^^^^
AssertionError: 404 != 403

======================================================================
FAIL: test_vote_no_succeeds 
(discussion.tests.test_api.ProposalVotingTestCase.test_vote_no_succeeds)
Test voting NO.
----------------------------------------------------------------------
Traceback (most recent call last):
  File "E:\Nexus\Nirman_Nightingle\backend\discussion\tests\test_api.py", line 
276, in test_vote_no_succeeds
    self.assertEqual(response.status_code, status.HTTP_201_CREATED)
    ~~~~~~~~~~~~~~~~^^^^^^^^^^^^^^^^^^^^^^^^^^^^^^^^^^^^^^^^^^^^^^^
AssertionError: 404 != 201

======================================================================
FAIL: test_vote_not_in_voting_phase_fails (discussion.tests.test_api.ProposalVo
tingTestCase.test_vote_not_in_voting_phase_fails)
Test that voting fails if proposal not in VOTING phase.
----------------------------------------------------------------------
Traceback (most recent call last):
  File "E:\Nexus\Nirman_Nightingle\backend\discussion\tests\test_api.py", line 
370, in test_vote_not_in_voting_phase_fails
    self.assertEqual(response.status_code, status.HTTP_400_BAD_REQUEST)
    ~~~~~~~~~~~~~~~~^^^^^^^^^^^^^^^^^^^^^^^^^^^^^^^^^^^^^^^^^^^^^^^^^^^
AssertionError: 404 != 400

======================================================================
FAIL: test_vote_yes_as_large_holder_succeeds (discussion.tests.test_api.Proposa
lVotingTestCase.test_vote_yes_as_large_holder_succeeds)
Test voting YES as large holder.
----------------------------------------------------------------------
Traceback (most recent call last):
  File "E:\Nexus\Nirman_Nightingle\backend\discussion\tests\test_api.py", line 
252, in test_vote_yes_as_large_holder_succeeds
    self.assertEqual(response.status_code, status.HTTP_201_CREATED)
    ~~~~~~~~~~~~~~~~^^^^^^^^^^^^^^^^^^^^^^^^^^^^^^^^^^^^^^^^^^^^^^^
AssertionError: 404 != 201

======================================================================
FAIL: test_get_vote_results 
(discussion.tests.test_api.VoteResultsTestCase.test_get_vote_results)
Test retrieving vote results.
----------------------------------------------------------------------
Traceback (most recent call last):
  File "E:\Nexus\Nirman_Nightingle\backend\discussion\tests\test_api.py", line 
396, in test_get_vote_results
    self.assertEqual(response.status_code, status.HTTP_200_OK)
    ~~~~~~~~~~~~~~~~^^^^^^^^^^^^^^^^^^^^^^^^^^^^^^^^^^^^^^^^^^
AssertionError: 404 != 200

======================================================================
FAIL: test_vote_results_with_no_votes 
(discussion.tests.test_api.VoteResultsTestCase.test_vote_results_with_no_votes)
Test vote results when there are no votes.
----------------------------------------------------------------------
Traceback (most recent call last):
  File "E:\Nexus\Nirman_Nightingle\backend\discussion\tests\test_api.py", line 
409, in test_vote_results_with_no_votes
    self.assertEqual(response.status_code, status.HTTP_200_OK)
    ~~~~~~~~~~~~~~~~^^^^^^^^^^^^^^^^^^^^^^^^^^^^^^^^^^^^^^^^^^
AssertionError: 404 != 200

======================================================================
FAIL: test_can_vote_first_time (discussion.tests.test_governance.OneVotePerUser
TestCase.test_can_vote_first_time)
Test that voting succeeds on first vote.
----------------------------------------------------------------------
Traceback (most recent call last):
  File 
"E:\Nexus\Nirman_Nightingle\backend\discussion\tests\test_governance.py", line 
495, in test_can_vote_first_time
    self.assertTrue(result, "First vote should be allowed")
    ~~~~~~~~~~~~~~~^^^^^^^^^^^^^^^^^^^^^^^^^^^^^^^^^^^^^^^^
AssertionError: False is not true : First vote should be allowed

----------------------------------------------------------------------
Ran 62 tests in 58.036s

FAILED (failures=26, errors=9)
Preserving test database for alias 'default'...

